// Jest Snapshot v1, https://goo.gl/fbAQLP

exports[`<HeroImage /> should match the snapshot 1`] = `
<div
  className="HeroImage"
>
  <div
    style={
      Object {
        "backgroundImage": "url(undefined)",
        "backgroundPosition": "center",
        "backgroundSize": "cover",
        "height": "undefined",
        "width": "undefined",
      }
    }
  />
</div>
`;
