// Jest Snapshot v1, https://goo.gl/fbAQLP

exports[`<MainPage /> should match the snapshot 1`] = `
<section
  className="MainPage"
>
  <Connect(Header) />
  <HeroImage
    height="325px"
    image="https://images.unsplash.com/photo-1501612780327-45045538702b?ixlib=rb-1.2.1&ixid=eyJhcHBfaWQiOjEyMDd9&auto=format&fit=crop&w=1650&q=80"
    width="90vw"
  />
  <PrimaryTracks />
  <SupportContent />
  <Connect(SupportPage) />
  <div
    className="audioBar-buffer"
  />
</section>
`;
