// Jest Snapshot v1, https://goo.gl/fbAQLP

exports[`<App /> should match the snapshot 1`] = `
<Fragment>
  <Route
    component={[Function]}
    path="/"
  />
  <Route
    component={[Function]}
    path="/"
  />
</Fragment>
`;
